[2026-09-15 23:14:46] === Starting Autonomous Generation for W39 & W40 ===
[2026-09-15 23:14:46] Kie Starting Credits: 608.03
[2026-09-15 23:14:46] 
--- [1/4] Processing Week 39 Instagram (Tier 1 SFW, gpt-image-2.5) ---
[2026-09-15 23:15:16]   --> Rendering IG W39: w39_mon_studio_mat (Model: gpt-image-2-5-sunburst-image-to-image, Refs: 2)...
[2026-09-15 23:16:53]   ✓ [SUCCESS] Rendered w39_mon_studio_mat.png (2212 KB in 97.6s)
[2026-09-15 23:16:53]   --> Rendering IG W39: w39_tue_market_figs (Model: gpt-image-2-5-sunburst-image-to-image, Refs: 1)...
[2026-09-15 23:22:29] === Starting Autonomous Generation for W39 & W40 ===
[2026-09-15 23:22:29] Kie Starting Credits: 596.03
[2026-09-15 23:22:29] 
--- [1/4] Processing Week 39 Instagram (Tier 1 SFW, gpt-image-2.5) ---
[2026-09-15 23:22:32]   [SKIP] IG W39 w39_mon_studio_mat already exists (2212 KB)
[2026-09-15 23:22:32]   --> Rendering IG W39: w39_tue_market_figs (Model: gpt-image-2-5-sunburst-image-to-image, Refs: 1)...
[2026-09-15 23:24:05]   ✓ [SUCCESS] Rendered w39_tue_market_figs.png (2575 KB in 93.2s)
[2026-09-15 23:24:05]   --> Rendering IG W39: w39_wed_balcony_breeze (Model: gpt-image-2-5-sunburst-image-to-image, Refs: 1)...
[2026-09-15 23:26:33]   ✓ [SUCCESS] Rendered w39_wed_balcony_breeze.png (2153 KB in 147.8s)
[2026-09-15 23:26:33]   --> Rendering IG W39: w39_thu_cafe_sketch (Model: gpt-image-2-text-to-image, Refs: 0)...
[2026-09-15 23:27:40]   ✓ [SUCCESS] Rendered w39_thu_cafe_sketch.png (2350 KB in 67.9s)
[2026-09-15 23:27:40]   --> Rendering IG W39: w39_fri_autumn_cardigan (Model: gpt-image-2-5-sunburst-image-to-image, Refs: 1)...
[2026-09-15 23:29:35]   ✓ [SUCCESS] Rendered w39_fri_autumn_cardigan.png (2311 KB in 114.3s)
[2026-09-15 23:29:35]   --> Rendering IG W39: w39_sat_forest_steps (Model: gpt-image-2-5-sunburst-image-to-image, Refs: 1)...
[2026-09-15 23:30:51]   ✓ [SUCCESS] Rendered w39_sat_forest_steps.png (2802 KB in 76.4s)
[2026-09-15 23:30:51]   --> Rendering IG W39: w39_sun_evening_tea (Model: gpt-image-2-5-sunburst-image-to-image, Refs: 1)...
[2026-09-15 23:32:03]   ✓ [SUCCESS] Rendered w39_sun_evening_tea.png (2265 KB in 72.1s)
[2026-09-15 23:32:03] 
--- [2/4] Processing Week 39 Bluesky & Fanvue Drops (Seedream 5 Pro) ---
[2026-09-15 23:32:25]   [SKIP] Teaser W39 w39_mon_ribbed_knit.png exists
[2026-09-15 23:32:25]   [SKIP] Companion W39 w39_mon_ribbed_knit/02_tank_slide.png exists
[2026-09-15 23:32:25]   [SKIP] Companion W39 w39_mon_ribbed_knit/03_tatami_intimate.png exists
[2026-09-15 23:32:25]   --> Rendering W39 Teaser: w39_tue_charcoal_slip (1 refs)...
[2026-09-15 23:33:17]   ✓ [SUCCESS] Teaser w39_tue_charcoal_slip.png (1951 KB in 52.4s)
[2026-09-15 23:33:17]   --> Rendering W39 Companion: w39_tue_charcoal_slip/02_strap_drop.png (3 refs)...
[2026-09-15 23:34:47]   ✓ [SUCCESS] Companion 02_strap_drop.png (1684 KB in 89.7s)
[2026-09-15 23:34:47]   --> Rendering W39 Companion: w39_tue_charcoal_slip/03_dusk_recline.png (3 refs)...
[2026-09-15 23:36:37]   ✓ [SUCCESS] Companion 03_dusk_recline.png (1695 KB in 110.3s)
[2026-09-15 23:36:37]   --> Rendering W39 Teaser: w39_wed_oversized_oxford (1 refs)...
[2026-09-15 23:37:50]   ✓ [SUCCESS] Teaser w39_wed_oversized_oxford.png (1791 KB in 72.8s)
[2026-09-15 23:37:50]   --> Rendering W39 Companion: w39_wed_oversized_oxford/02_oxford_parted.png (3 refs)...
[2026-09-15 23:40:23]   ✓ [SUCCESS] Companion 02_oxford_parted.png (1834 KB in 152.6s)
[2026-09-15 23:40:23]   --> Rendering W39 Companion: w39_wed_oversized_oxford/03_counter_intimate.png (3 refs)...
[2026-09-15 23:41:31]   ✓ [SUCCESS] Companion 03_counter_intimate.png (1793 KB in 68.2s)
[2026-09-15 23:41:31]   --> Rendering W39 Teaser: w39_thu_terracotta_cami (1 refs)...
[2026-09-15 23:42:23]   ✓ [SUCCESS] Teaser w39_thu_terracotta_cami.png (1844 KB in 52.2s)
[2026-09-15 23:42:23]   --> Rendering W39 Companion: w39_thu_terracotta_cami/02_mat_recline.png (3 refs)...
[2026-09-15 23:44:21]   ✓ [SUCCESS] Companion 02_mat_recline.png (1817 KB in 117.9s)
[2026-09-15 23:44:21]   --> Rendering W39 Companion: w39_thu_terracotta_cami/03_mirror_intimate.png (3 refs)...
[2026-09-15 23:45:12]   ✓ [SUCCESS] Companion 03_mirror_intimate.png (1648 KB in 51.1s)
[2026-09-15 23:45:12]   --> Rendering W39 Teaser: w39_fri_emerald_silk (1 refs)...
[2026-09-15 23:46:46]   ✓ [SUCCESS] Teaser w39_fri_emerald_silk.png (1857 KB in 93.2s)
[2026-09-15 23:46:46]   --> Rendering W39 Companion: w39_fri_emerald_silk/02_emerald_drop.png (3 refs)...
[2026-09-15 23:47:28]   ✓ [SUCCESS] Companion 02_emerald_drop.png (1790 KB in 42.8s)
[2026-09-15 23:47:28]   --> Rendering W39 Companion: w39_fri_emerald_silk/03_midnight_sheets.png (3 refs)...
[2026-09-15 23:48:32]   ✓ [SUCCESS] Companion 03_midnight_sheets.png (1935 KB in 63.9s)
[2026-09-15 23:48:32]   --> Rendering W39 Teaser: w39_sat_midnight_sheer (1 refs)...
[2026-09-15 23:49:19]   ✓ [SUCCESS] Teaser w39_sat_midnight_sheer.png (1844 KB in 47.1s)
[2026-09-15 23:49:19]   --> Rendering W39 Companion: w39_sat_midnight_sheer/02_sheer_unclasp.png (3 refs)...
[2026-09-15 23:51:39]   ✓ [SUCCESS] Companion 02_sheer_unclasp.png (1886 KB in 139.6s)
[2026-09-15 23:51:39]   --> Rendering W39 Companion: w39_sat_midnight_sheer/03_boudoir_vault.png (3 refs)...
[2026-09-15 23:52:18]   ✓ [SUCCESS] Companion 03_boudoir_vault.png (1852 KB in 38.9s)
[2026-09-15 23:52:18]   --> Rendering W39 Teaser: w39_sun_waffle_lounge (1 refs)...
[2026-09-15 23:53:09]   ✓ [SUCCESS] Teaser w39_sun_waffle_lounge.png (1959 KB in 51.2s)
[2026-09-15 23:53:09]   --> Rendering W39 Companion: w39_sun_waffle_lounge/02_henley_parted.png (3 refs)...
[2026-09-15 23:54:13]   ✓ [SUCCESS] Companion 02_henley_parted.png (1843 KB in 64.0s)
[2026-09-15 23:54:13]   --> Rendering W39 Companion: w39_sun_waffle_lounge/03_bed_stretch.png (3 refs)...
[2026-09-15 23:56:03]   ✓ [SUCCESS] Companion 03_bed_stretch.png (1738 KB in 109.7s)
[2026-09-15 23:56:03] 
--- [3/4] Processing Week 40 Instagram (Tier 1 SFW, gpt-image-2.5) ---
[2026-09-15 23:56:03]   --> Rendering IG W40: w40_mon_morning_mist (Model: gpt-image-2-5-sunburst-image-to-image, Refs: 1)...
[2026-09-15 23:58:31]   ✓ [SUCCESS] Rendered w40_mon_morning_mist.png (2318 KB in 147.8s)
[2026-09-15 23:58:31]   --> Rendering IG W40: w40_tue_studio_empty (Model: gpt-image-2-5-sunburst-image-to-image, Refs: 2)...
[2026-09-16 00:01:02]   ✓ [SUCCESS] Rendered w40_tue_studio_empty.png (2276 KB in 151.6s)
[2026-09-16 00:01:02]   --> Rendering IG W40: w40_wed_subway_autumn (Model: gpt-image-2-5-sunburst-image-to-image, Refs: 1)...
[2026-09-16 00:03:38]   ✓ [SUCCESS] Rendered w40_wed_subway_autumn.png (2255 KB in 155.8s)
[2026-09-16 00:03:38]   --> Rendering IG W40: w40_thu_chestnut_roast (Model: gpt-image-2-text-to-image, Refs: 0)...
[2026-09-16 00:04:42]   ✓ [SUCCESS] Rendered w40_thu_chestnut_roast.png (2165 KB in 63.8s)
[2026-09-16 00:04:42]   --> Rendering IG W40: w40_fri_reading_desk (Model: gpt-image-2-text-to-image, Refs: 0)...
[2026-09-16 00:06:37]   ✓ [SUCCESS] Rendered w40_fri_reading_desk.png (2086 KB in 114.6s)
[2026-09-16 00:06:37]   --> Rendering IG W40: w40_sat_chuseok_quiet (Model: gpt-image-2-5-sunburst-image-to-image, Refs: 1)...
[2026-09-16 00:07:45]   ✓ [SUCCESS] Rendered w40_sat_chuseok_quiet.png (2749 KB in 68.0s)
[2026-09-16 00:07:45]   --> Rendering IG W40: w40_sun_window_light (Model: gpt-image-2-5-sunburst-image-to-image, Refs: 2)...
[2026-09-16 00:08:57]   ✓ [SUCCESS] Rendered w40_sun_window_light.png (2279 KB in 72.1s)
[2026-09-16 00:08:57] 
--- [4/4] Processing Week 40 Bluesky & Fanvue Drops (Seedream 5 Pro) ---
[2026-09-16 00:08:57]   --> Rendering W40 Teaser: w40_mon_heather_tank (1 refs)...
[2026-09-16 00:10:09]   ✓ [SUCCESS] Teaser w40_mon_heather_tank.png (1873 KB in 72.3s)
[2026-09-16 00:10:09]   --> Rendering W40 Companion: w40_mon_heather_tank/02_tank_lift.png (3 refs)...
[2026-09-16 00:11:00]   ✓ [SUCCESS] Companion 02_tank_lift.png (1797 KB in 51.2s)
[2026-09-16 00:11:00]   --> Rendering W40 Companion: w40_mon_heather_tank/03_sunlit_counter.png (3 refs)...
[2026-09-16 00:11:44]   ✓ [SUCCESS] Companion 03_sunlit_counter.png (1736 KB in 43.9s)
[2026-09-16 00:11:44]   --> Rendering W40 Teaser: w40_tue_champagne_slip (1 refs)...
[2026-09-16 00:12:23]   ✓ [SUCCESS] Teaser w40_tue_champagne_slip.png (1962 KB in 38.7s)
[2026-09-16 00:12:23]   --> Rendering W40 Companion: w40_tue_champagne_slip/02_satin_slide.png (3 refs)...
[2026-09-16 00:13:05]   ✓ [SUCCESS] Companion 02_satin_slide.png (1811 KB in 42.9s)
[2026-09-16 00:13:05]   --> Rendering W40 Companion: w40_tue_champagne_slip/03_crepuscular_recline.png (3 refs)...
[2026-09-16 00:13:53]   ✓ [SUCCESS] Companion 03_crepuscular_recline.png (1775 KB in 47.0s)
[2026-09-16 00:13:53]   --> Rendering W40 Teaser: w40_wed_cashmere_shrug (1 refs)...
[2026-09-16 00:14:44]   ✓ [SUCCESS] Teaser w40_wed_cashmere_shrug.png (1704 KB in 51.2s)
[2026-09-16 00:14:44]   --> Rendering W40 Companion: w40_wed_cashmere_shrug/02_shrug_drop.png (3 refs)...
[2026-09-16 00:15:33]   ✓ [SUCCESS] Companion 02_shrug_drop.png (1818 KB in 49.4s)
[2026-09-16 00:15:33]   --> Rendering W40 Companion: w40_wed_cashmere_shrug/03_midnight_tatami.png (3 refs)...
[2026-09-16 00:16:16]   ✓ [SUCCESS] Companion 03_midnight_tatami.png (1725 KB in 42.8s)
[2026-09-16 00:16:16]   --> Rendering W40 Teaser: w40_thu_slate_cami (1 refs)...
[2026-09-16 00:17:07]   ✓ [SUCCESS] Teaser w40_thu_slate_cami.png (1902 KB in 51.2s)
[2026-09-16 00:17:07]   --> Rendering W40 Companion: w40_thu_slate_cami/02_mirror_cami_drop.png (3 refs)...
[2026-09-16 00:17:54]   ✓ [SUCCESS] Companion 02_mirror_cami_drop.png (1804 KB in 47.2s)
[2026-09-16 00:17:54]   --> Rendering W40 Companion: w40_thu_slate_cami/03_vanity_recline.png (3 refs)...
[2026-09-16 00:19:44]   ✓ [SUCCESS] Companion 03_vanity_recline.png (1785 KB in 109.6s)
[2026-09-16 00:19:44]   --> Rendering W40 Teaser: w40_fri_burgundy_lace (1 refs)...
[2026-09-16 00:20:43]   ✓ [SUCCESS] Teaser w40_fri_burgundy_lace.png (1963 KB in 59.6s)
[2026-09-16 00:20:43]   --> Rendering W40 Companion: w40_fri_burgundy_lace/02_lace_parted.png (3 refs)...
[2026-09-16 00:21:26]   ✓ [SUCCESS] Companion 02_lace_parted.png (1778 KB in 42.8s)
[2026-09-16 00:21:26]   --> Rendering W40 Companion: w40_fri_burgundy_lace/03_carpet_intimate.png (3 refs)...
[2026-09-16 00:22:09]   ✓ [SUCCESS] Companion 03_carpet_intimate.png (1922 KB in 43.0s)
[2026-09-16 00:22:09]   --> Rendering W40 Teaser: w40_sat_velvet_midnight (1 refs)...
[2026-09-16 00:23:14]   ✓ [SUCCESS] Teaser w40_sat_velvet_midnight.png (1912 KB in 64.7s)
[2026-09-16 00:23:14]   --> Rendering W40 Companion: w40_sat_velvet_midnight/02_velvet_slide.png (3 refs)...
[2026-09-16 00:24:18]   ✓ [SUCCESS] Companion 02_velvet_slide.png (1667 KB in 63.9s)
[2026-09-16 00:24:18]   --> Rendering W40 Companion: w40_sat_velvet_midnight/03_midnight_sanctuary.png (3 refs)...
[2026-09-16 00:25:22]   ✓ [SUCCESS] Companion 03_midnight_sanctuary.png (1833 KB in 64.1s)
[2026-09-16 00:25:22]   --> Rendering W40 Teaser: w40_sun_linen_robe (1 refs)...
[2026-09-16 00:26:13]   ✓ [SUCCESS] Teaser w40_sun_linen_robe.png (1902 KB in 51.2s)
[2026-09-16 00:26:13]   --> Rendering W40 Companion: w40_sun_linen_robe/02_robe_untied.png (3 refs)...
[2026-09-16 00:27:05]   ✓ [SUCCESS] Companion 02_robe_untied.png (1827 KB in 51.8s)
[2026-09-16 00:27:05]   --> Rendering W40 Companion: w40_sun_linen_robe/03_breakfast_sun.png (3 refs)...
[2026-09-16 00:28:18]   ✓ [SUCCESS] Companion 03_breakfast_sun.png (1744 KB in 72.7s)
[2026-09-16 00:28:18] 
================================================================================
[2026-09-16 00:28:18]   GENERATION RUN COMPLETE
[2026-09-16 00:28:18]   Total Attempted: 56
[2026-09-16 00:28:18]   Total Rendered:  52
[2026-09-16 00:28:18]   Total Skipped:   4
[2026-09-16 00:28:18]   Total Failed:    0
[2026-09-16 00:28:18]   Ending Kie Credits: 219.03
[2026-09-16 00:28:18] ================================================================================
